I'm sorry, but errors were detected in your script. Please correct the
errors listed below, and try again.


File "game/script.rpy", line 588: Line is indented, but the preceding say statement statement does not expect a block. Please check this line's indentation.
    scene black with Dissolve(1.5)
    ^

Ren'Py Version: Ren'Py 6.99.14.3.3347
Thu Jun 07 17:29:49 2018
